// Jest Snapshot v1, https://goo.gl/fbAQLP

exports[`Account Balance Snapshot test 1`] = `
<div
  className="app-container container"
>
  <div
    class="AccountBalance"
    style={
      Object {
        "backgroundColor": "#e8e8e8",
      }
    }
  >
    <section
      id="accountBalances"
    >
      <h4>
        ACCOUNT BALANCES
        <br />
        <img
          alt="Account Icon"
          height={50}
          src="account3.svg"
          width={50}
        />
      </h4>
      <div
        className="row"
      >
        <div
          className="col-xs-6 col-sm-6 col-md-6 col-lg-6 col-xl-6"
        >
          <img
            alt="Home Icon"
            height={25}
            src="home-outline.svg"
            width={50}
          />
          Main Account Balance:
          <div />
          <div />
        </div>
        <div
          className="col-xs-6 col-sm-6 col-md-6 col-lg-6 col-xl-6"
        >
          <img
            alt="Cash Icon"
            height={25}
            src="cash-outline.svg"
            width={50}
          />
          Checking Account Balance:
          <div />
          <div />
          <br />
        </div>
      </div>
    </section>
    <section
      id="accountActions"
    >
      <h4>
        ACCOUNT ACTIONS
        <br />
        <img
          alt="Transfer Icon"
          height={50}
          src="transfer.svg"
          width={50}
        />
      </h4>
      <div
        className="row"
      >
        <div
          className="col-xs-6 col-sm-6 col-md-6 col-lg-6 col-xl-6"
        >
          <h4>
            DEPOSIT
            <br />
            <img
              alt="Deposit Icon"
              height={50}
              src="deposit.svg"
              width={50}
            />
          </h4>
          <div
            align="center"
          >
            <form
              onSubmit={[Function]}
            >
              <label
                className="form-label"
              >
                Deposit to Main Account:
                <br />
                <input
                  placeholder="        Main Account"
                  type="text"
                />
              </label>
              <br />
              <br />
              <label>
                Deposit to Checking Account:
                <br />
                <input
                  placeholder="     Checking Account"
                  type="text"
                />
              </label>
              <br />
              <input
                onClick={[Function]}
                type="submit"
                value="Deposit"
              />
            </form>
          </div>
          <br />
        </div>
        <div
          className="col-xs-6 col-sm-6 col-md-6 col-lg-6 col-xl-6"
        >
          <h4>
            WIDTHDRAW
            <br />
            <img
              alt="Withdraw Icon"
              height={50}
              src="withdraw2.svg"
              width={50}
            />
          </h4>
          <div
            align="center"
          >
            <form
              onSubmit={[Function]}
            >
              <label
                className="form-label"
              >
                   Withdraw from Main Account:
                <br />
                <input
                  placeholder="        Main Account"
                  type="text"
                />
              </label>
              <br />
              <br />
              <label>
                 Withdraw from Checking Account:
                <br />
                <input
                  placeholder="     Checking Account"
                  type="text"
                />
              </label>
              <br />
              <input
                onClick={[Function]}
                type="submit"
                value="Withdraw"
              />
            </form>
          </div>
          <br />
        </div>
      </div>
    </section>
    <div
      className="row"
    >
      <div
        className="col-xs-12 col-sm-12 col-md-12 col-lg-12 col-xl-12"
      >
        <section
          id="accountBalances"
        >
          <center>
            <div
              className="card-title h5"
            >
              <h4>
                RECENT TRANSACTIONS:
              </h4>
            </div>
            <div>
               
              <section>
                <ul
                  className="list"
                >
                  <li
                    className="card"
                  >
                    <span>
                      <span
                        className="react-loading-skeleton css-1vmnjpn-skeletonStyles-Skeleton"
                        style={
                          Object {
                            "height": 180,
                          }
                        }
                      >
                        ‌
                      </span>
                    </span>
                    <h4
                      className="card-title"
                    >
                      <span>
                        <span
                          className="react-loading-skeleton css-1vmnjpn-skeletonStyles-Skeleton"
                          style={
                            Object {
                              "height": 36,
                              "width": "80%",
                            }
                          }
                        >
                          ‌
                        </span>
                      </span>
                    </h4>
                    <p
                      className="card-channel"
                    >
                      <span>
                        <span
                          className="react-loading-skeleton css-1vmnjpn-skeletonStyles-Skeleton"
                          style={
                            Object {
                              "width": "60%",
                            }
                          }
                        >
                          ‌
                        </span>
                      </span>
                    </p>
                    <div
                      className="card-metrics"
                    >
                      <span>
                        <span
                          className="react-loading-skeleton css-1vmnjpn-skeletonStyles-Skeleton"
                          style={
                            Object {
                              "width": "90%",
                            }
                          }
                        >
                          ‌
                        </span>
                      </span>
                    </div>
                  </li>
                </ul>
              </section>
            </div>
          </center>
        </section>
      </div>
    </div>
  </div>
</div>
`;

exports[`Account Info Snapshot test 1`] = `
<div
  className="AccountInfo"
>
  <div
    align="justified"
    className="container-fluid"
  >
    <div
      className="justify-content-center py-4 row"
    >
      <div
        className="col-md-3 col-sm-12"
      >
        <div
          className="card bg-transparent text-light border-transparent"
        >
          <img
            className="card-img-top"
            src="bankCover.jpg"
          />
          <div
            className="card-body"
          >
            <div
              className="card-title h5"
            >
               
              <span
                className="ant-avatar ant-avatar-circle"
                style={
                  Object {
                    "verticalAlign": "middle",
                  }
                }
              >
                <span
                  className="ant-avatar-string"
                  style={
                    Object {
                      "opacity": 0,
                    }
                  }
                >
                  <img
                    height={30}
                    src="moneySign.png"
                    width={30}
                  />
                </span>
              </span>
               
              ALL ACCOUNT INFO
            </div>
            <p>
              Account Number:
              <div />
            </p>
            <p>
              Checking Account Number:
              <div />
            </p>
          </div>
        </div>
      </div>
    </div>
  </div>
</div>
`;

exports[`App Renders without crashing 1`] = `ShallowWrapper {}`;

exports[`App Snapshot test 1`] = `
<div
  className="App"
>
  <header
    className="App-header"
  >
    <div
      className="SignIn"
    >
      <div
        id="tsparticles"
      >
        <canvas
          className="example"
          style={
            Object {
              "height": 768,
              "width": 1024,
            }
          }
        />
      </div>
      <div
        className="card border-white"
        style={
          Object {
            "backgroundColor": "white",
            "borderBottomLeftRadius": 0,
            "borderBottomRightRadius": 0,
          }
        }
      >
        <center>
          <img
            alt="Titan Bank Logo"
            height={310}
            src="TitanBankDraft3.png"
            width={745}
          />
        </center>
        <div
          className="card-body"
        >
          <span
            className="animate-on-change animate-on-change-"
            onAnimationEnd={[Function]}
            onTransitionEnd={[Function]}
            style={
              Object {
                "animationDuration": "200ms",
                "display": "inline-block",
                "opacity": 1,
                "transition": "opacity 200ms ease-out",
              }
            }
          >
            <img
              alt="Sign in With Google button"
              height={62}
              onClick={[Function]}
              src="googleLogin.png"
              width={257}
            />
          </span>
          <br />
          <br />
          <label>
             Don't Have An Account? 
          </label>
          <a
            href="/signUp"
          >
             Sign Up Here!
          </a>
        </div>
      </div>
      <div
        className="card-columns"
        style={
          Object {
            "backgroundColor": "white",
            "border": "white",
            "borderBottomLeftRadius": 5,
            "borderBottomRightRadius": 5,
          }
        }
      >
        <div
          className="card border-white"
          style={
            Object {
              "width": "18rem",
            }
          }
        >
          <img
            alt="Account Management Icon"
            height={50}
            src="account4.svg"
            width={50}
          />
          <div
            className="card-body"
          >
            <div
              className="card-title h5"
            >
              Account Management
            </div>
            <p
              className="card-text"
            >
              All accounts are displayed clearly in one place.
            </p>
          </div>
        </div>
        <div
          className="card border-white"
          style={
            Object {
              "width": "18rem",
            }
          }
        >
          <img
            alt="Savings Management Icon"
            height={50}
            src="savings.svg"
            width={50}
          />
          <div
            className="card-body"
          >
            <div
              className="card-title h5"
            >
              Savings Management
            </div>
            <p
              className="card-text"
            >
              Saving money has never been easier with our modern implementation of saving methods!
            </p>
          </div>
        </div>
        <div
          className="card border-white"
          style={
            Object {
              "width": "18rem",
            }
          }
        >
          <img
            alt="Card Management Icon"
            height={50}
            src="card3.svg"
            width={50}
          />
          <div
            className="card-body"
          >
            <div
              className="card-title h5"
            >
              Card Management
            </div>
            <p
              className="card-text"
            >
              Users will never lose track of their cards balance.
            </p>
          </div>
        </div>
        <div
          className="card border-white"
          style={
            Object {
              "width": "18rem",
            }
          }
        >
          <img
            alt="Loans Management Icon"
            height={50}
            src="loans.svg"
            width={50}
          />
          <div
            className="card-body"
          >
            <div
              className="card-title h5"
            >
              Loans
            </div>
            <p
              className="card-text"
            >
              We enable our users to track loans and apply for new ones instantly.
            </p>
          </div>
        </div>
        <div
          className="card border-white"
          style={
            Object {
              "width": "18rem",
            }
          }
        >
          <img
            alt="Contracts Management Icon"
            height={50}
            src="contract.svg"
            width={50}
          />
          <div
            className="card-body"
          >
            <div
              className="card-title h5"
            >
              Contracts
            </div>
            <p
              className="card-text"
            >
              All contracts signed between the user and the bank feature online signatures to let the user avoid unnecessary visits to the bank.
            </p>
          </div>
        </div>
        <div
          className="card border-white"
          style={
            Object {
              "width": "18rem",
            }
          }
        >
          <img
            alt="Investment Management Icon"
            height={50}
            src="investment.svg"
            width={50}
          />
          <div
            className="card-body"
          >
            <div
              className="card-title h5"
            >
              Investment Mangement
            </div>
            <p
              className="card-text"
            >
              Our bank provides investment insights for clients to see the performance and make decisions based on frequently updated information.
            </p>
          </div>
        </div>
      </div>
    </div>
  </header>
</div>
`;

exports[`Footer Snapshot test 1`] = `
<div
  className="Footer"
>
  <section
    id="footer"
  >
    <footer
      className="mt-16 flex flex-col justify-center items-center"
    >
      <div
        className="container-fluid"
      >
        <br />
        <br />
        <br />
        This site was made by Tyler Rubin
        <br />
        <center>
          LinkedIn:
        </center>
        <center>
          Github:
        </center>
        <br />
        <br />
        <br />
      </div>
    </footer>
  </section>
</div>
`;

exports[`Signup Snapshot test 1`] = `
<div>
  <br />
  <div
    bg="transparent"
    className="container-fluid"
  >
    <form
      className=""
      onSubmit={[Function]}
    >
      <div
        className="form-group row"
      >
        <label
          className="form-label"
          htmlFor="formPlaintextEmail"
        >
          First Name
        </label>
        <input
          className="form-control"
          id="formPlaintextEmail"
          name="name"
          onChange={[Function]}
          placeholder="First Name"
          type="text"
          value=""
        />
      </div>
      <div
        className="form-group row"
      >
        <label
          className="form-label"
          htmlFor="formPlaintextEmail"
        >
          Last Name
        </label>
        <input
          className="form-control"
          id="formPlaintextEmail"
          name="name"
          onChange={[Function]}
          placeholder="Last Name"
          type="text"
          value=""
        />
      </div>
      <div
        className="form-group row"
      >
        <label
          className="form-label"
          htmlFor="formPlaintextEmail"
        >
          Email 
        </label>
        <input
          className="form-control"
          id="formPlaintextEmail"
          name="name"
          onChange={[Function]}
          placeholder="Email"
          type="text"
          value=""
        />
      </div>
      <div
        className="form-group row"
      >
        <label
          className="form-label"
          htmlFor="formPlaintextEmail"
        >
          Password
        </label>
        <input
          className="form-control"
          id="formPlaintextEmail"
          name="name"
          onChange={[Function]}
          placeholder="Password"
          type="text"
          value=""
        />
      </div>
      <div
        className="form-group row"
      >
        <label
          className="form-label"
          htmlFor="formPlaintextEmail"
        >
          Age
        </label>
        <input
          className="form-control"
          id="formPlaintextEmail"
          name="name"
          onChange={[Function]}
          placeholder="Age"
          type="text"
          value={0}
        />
      </div>
      <div
        className="form-group row"
      >
        <label
          className="form-label"
          htmlFor="formPlaintextEmail"
        >
          Birth Date
        </label>
        <input
          className="form-control"
          id="formPlaintextEmail"
          name="name"
          onChange={[Function]}
          placeholder="DD/MM/YYYY"
          type="text"
          value=""
        />
      </div>
      <div
        className="form-group row"
      >
        <label
          className="form-label"
          htmlFor="formPlaintextEmail"
        >
          Social Security: 
        </label>
        <input
          className="form-control"
          id="formPlaintextEmail"
          name="name"
          onChange={[Function]}
          placeholder="Social Security"
          type="text"
          value=""
        />
      </div>
      <div
        className="form-group row"
      >
        <label
          className="form-label"
          htmlFor="formPlaintextEmail"
        >
          Address
        </label>
        <input
          className="form-control"
          id="formPlaintextEmail"
          name="name"
          onChange={[Function]}
          placeholder="Address"
          type="text"
          value=""
        />
      </div>
      <div
        className="form-group row"
      >
        <label
          className="form-label"
          htmlFor="formPlaintextEmail"
        >
          Phone Number
        </label>
        <input
          className="form-control"
          id="formPlaintextEmail"
          name="name"
          onChange={[Function]}
          placeholder="Phone Number"
          type="text"
          value=""
        />
      </div>
      <div
        className="form-group row"
      >
        <label
          className="form-label"
          htmlFor="formPlaintextEmail"
        >
          Beginning Account Balance
        </label>
        <input
          className="form-control"
          id="formPlaintextEmail"
          name="name"
          onChange={[Function]}
          placeholder="Beginning Account Balance"
          type="text"
          value={0}
        />
      </div>
      <button
        className="d-inline-block btn btn-primary"
        disabled={false}
        to="http://localhost:3000/"
        type="submit"
      >
        Submit Application
      </button>
      <a
        href="/ThankYou"
        onClick={[Function]}
      />
    </form>
  </div>
</div>
`;
